2025-11-30 10:01:25 DEBUG: Configuration loaded: {'exp_dir': 'not_set', 'folder_name': 'exp_1', 'phase': 'eval', 'stage': 'pos', 'tagging_settings': {'input_file': 'not_set', 'pretagged': False}, 'evaluation_settings': {'pred_file': '/home/ilia/coding/Research/PhD/transcarpathian-texts-preprocessing/src/text_level/exp_1/pos_stanza_LA1407.conllu', 'gold_file': '/home/ilia/coding/Research/PhD/transcarpathian-texts-preprocessing/src/text_level/exp_1/pos_gold_LA1407.conllu', 'train_result': 97.52}}
2025-11-30 10:01:25 INFO: POS: starting comparison between /home/ilia/coding/Research/PhD/transcarpathian-texts-preprocessing/src/text_level/exp_1/pos_gold_LA1407.conllu and /home/ilia/coding/Research/PhD/transcarpathian-texts-preprocessing/src/text_level/exp_1/pos_stanza_LA1407.conllu
2025-11-30 10:01:25 INFO: PoS and morphological labels are {'pos': ['INTJ', 'PUNCT', 'NOUN', 'ADP', 'PRON', 'CCONJ', 'VERB', 'AUX', 'SCONJ', 'ADV', 'ADJ', 'PROPN', 'DET', 'PART'], 'feats': ['Aspect', 'Person', 'Number', 'Mood', 'VerbForm', 'Voice', 'Case', 'NumType', 'Reflex', 'Degree', 'Polarity', 'NameType', '_', 'Gender', 'Animacy', 'Poss', 'VerbType', 'PronType', 'Tense']}
2025-11-30 10:01:25 INFO: PoS precision: 75.19%
2025-11-30 10:01:25 INFO: PoS recall: 68.67%
2025-11-30 10:01:25 INFO: PoS macro F1-score: 65.65%
2025-11-30 10:01:25 DEBUG: Non-normalised cosine similarity is 0.30
2025-11-30 10:01:25 DEBUG: Non-normalised cosine similarity is 0.75
2025-11-30 10:01:25 DEBUG: Sign-neutral distance is 0.25
2025-11-30 10:01:25 INFO: Robustness:  -0.25
2025-11-30 10:01:25 DEBUG: Starting scoring accuracy score for INTJ
2025-11-30 10:01:25 INFO: Accuracy for INTJ is 100.00%, the share of INTJ in dataset is 0.17%
2025-11-30 10:01:25 DEBUG: Starting scoring accuracy score for PUNCT
2025-11-30 10:01:25 INFO: Accuracy for PUNCT is 100.00%, the share of PUNCT in dataset is 15.68%
2025-11-30 10:01:25 DEBUG: Starting scoring accuracy score for NOUN
2025-11-30 10:01:25 INFO: Accuracy for NOUN is 98.04%, the share of NOUN in dataset is 16.83%
2025-11-30 10:01:25 DEBUG: Starting scoring accuracy score for ADP
2025-11-30 10:01:25 INFO: Accuracy for ADP is 80.00%, the share of ADP in dataset is 10.73%
2025-11-30 10:01:25 DEBUG: Starting scoring accuracy score for PRON
2025-11-30 10:01:25 INFO: Accuracy for PRON is 60.00%, the share of PRON in dataset is 5.78%
2025-11-30 10:01:25 DEBUG: Starting scoring accuracy score for CCONJ
2025-11-30 10:01:25 INFO: Accuracy for CCONJ is 100.00%, the share of CCONJ in dataset is 6.44%
2025-11-30 10:01:25 DEBUG: Starting scoring accuracy score for VERB
2025-11-30 10:01:25 INFO: Accuracy for VERB is 68.49%, the share of VERB in dataset is 12.05%
2025-11-30 10:01:25 DEBUG: Starting scoring accuracy score for AUX
2025-11-30 10:01:25 INFO: Accuracy for AUX is 26.32%, the share of AUX in dataset is 3.14%
2025-11-30 10:01:25 DEBUG: Starting scoring accuracy score for SCONJ
2025-11-30 10:01:25 INFO: Accuracy for SCONJ is 34.62%, the share of SCONJ in dataset is 4.29%
2025-11-30 10:01:25 DEBUG: Starting scoring accuracy score for ADV
2025-11-30 10:01:25 INFO: Accuracy for ADV is 54.17%, the share of ADV in dataset is 7.92%
2025-11-30 10:01:25 DEBUG: Starting scoring accuracy score for ADJ
2025-11-30 10:01:25 INFO: Accuracy for ADJ is 64.71%, the share of ADJ in dataset is 5.61%
2025-11-30 10:01:25 DEBUG: Starting scoring accuracy score for PROPN
2025-11-30 10:01:25 INFO: Accuracy for PROPN is 97.22%, the share of PROPN in dataset is 5.94%
2025-11-30 10:01:25 DEBUG: Starting scoring accuracy score for DET
2025-11-30 10:01:25 INFO: Accuracy for DET is 56.52%, the share of DET in dataset is 3.80%
2025-11-30 10:01:25 DEBUG: Starting scoring accuracy score for PART
2025-11-30 10:01:25 INFO: Accuracy for PART is 90.00%, the share of PART in dataset is 1.65%
2025-11-30 10:01:25 DEBUG: Starting scoring accuracy for Case=Nom|Gender=Fem|Number=Sing and Case=Nom|Gender=Fem|Number=Sing
2025-11-30 10:01:25 DEBUG: Starting scoring accuracy for Animacy=Inan|Case=Nom|Gender=Fem|Number=Sing and Animacy=Inan|Case=Nom|Gender=Fem|Number=Sing
2025-11-30 10:01:25 DEBUG: Starting scoring accuracy for Case=Gen and None
2025-11-30 10:01:25 DEBUG: Starting scoring accuracy for Animacy=Inan|Case=Gen|Gender=Masc|Number=Sing and Animacy=Inan|Case=Gen|Gender=Masc|NameType=Geo|Number=Sing
2025-11-30 10:01:25 DEBUG: All keys for Animacy=Inan|Case=Gen|Gender=Masc|Number=Sing and Animacy=Inan|Case=Gen|Gender=Masc|NameType=Geo|Number=Sing are ['Animacy', 'Case', 'Gender', 'Number', 'Animacy', 'Case', 'Gender', 'NameType', 'Number']
